
Memory Configuration

Name             Origin             Length             Attributes
flash            0x00000000         0x20000000         xr
sram             0x20000000         0x20000000         xrw
*default*        0x00000000         0xffffffff

Linker script and memory map


.text           0x00000000      0x190
 *(.vectors*)
 .vectors       0x00000000       0x1c startup.o
                0x00000000                g_p_f_vectors
 *(.text*)
 .text          0x0000001c       0xb8 app.o
                0x0000001c                main
 .text          0x000000d4       0xbc startup.o
                0x000000d4                H_Fault_Handler
                0x000000d4                MM_Fault_Handler
                0x000000d4                Usage_Fault_Handler
                0x000000d4                Bus_Fault
                0x000000d4                Default_Handler
                0x000000d4                NMI_Handler
                0x000000e0                Reset_Handler
 *(.rodata)
                0x00000190                _E_text = .

.glue_7         0x00000190        0x0
 .glue_7        0x00000000        0x0 linker stubs

.glue_7t        0x00000190        0x0
 .glue_7t       0x00000000        0x0 linker stubs

.vfp11_veneer   0x00000190        0x0
 .vfp11_veneer  0x00000000        0x0 linker stubs

.v4_bx          0x00000190        0x0
 .v4_bx         0x00000000        0x0 linker stubs

.iplt           0x00000190        0x0
 .iplt          0x00000000        0x0 app.o

.rel.dyn        0x00000190        0x0
 .rel.iplt      0x00000000        0x0 app.o

.data           0x20000000        0x0 load address 0x00000190
                0x20000000                _S_data = .
 *(.data)
 .data          0x20000000        0x0 app.o
 .data          0x20000000        0x0 startup.o
                0x20000000                _E_data = .

.igot.plt       0x20000000        0x0 load address 0x00000190
 .igot.plt      0x00000000        0x0 app.o

.bss            0x20000000      0x400 load address 0x00000190
                0x20000000                _S_bss = .
 *(.bss)
 .bss           0x20000000        0x0 app.o
 .bss           0x20000000      0x400 startup.o
                0x20000400                _E_bss = .
LOAD app.o
LOAD startup.o
OUTPUT(uint3_lab3_cortexM4.elf elf32-littlearm)

.debug_info     0x00000000      0x23e
 .debug_info    0x00000000       0x9e app.o
 .debug_info    0x0000009e      0x1a0 startup.o

.debug_abbrev   0x00000000      0x14b
 .debug_abbrev  0x00000000       0x67 app.o
 .debug_abbrev  0x00000067       0xe4 startup.o

.debug_loc      0x00000000       0x9c
 .debug_loc     0x00000000       0x38 app.o
 .debug_loc     0x00000038       0x64 startup.o

.debug_aranges  0x00000000       0x40
 .debug_aranges
                0x00000000       0x20 app.o
 .debug_aranges
                0x00000020       0x20 startup.o

.debug_line     0x00000000       0xf1
 .debug_line    0x00000000       0x76 app.o
 .debug_line    0x00000076       0x7b startup.o

.debug_str      0x00000000      0x17a
 .debug_str     0x00000000       0xdf app.o
                                 0xfd (size before relaxing)
 .debug_str     0x000000df       0x9b startup.o
                                0x17c (size before relaxing)

.comment        0x00000000       0x11
 .comment       0x00000000       0x11 app.o
                                 0x12 (size before relaxing)
 .comment       0x00000000       0x12 startup.o

.ARM.attributes
                0x00000000       0x33
 .ARM.attributes
                0x00000000       0x33 app.o
 .ARM.attributes
                0x00000033       0x33 startup.o

.debug_frame    0x00000000       0x78
 .debug_frame   0x00000000       0x2c app.o
 .debug_frame   0x0000002c       0x4c startup.o
