
Allocating common symbols
Common symbol       size              file

bss_var             0xc               app.o

Memory Configuration

Name             Origin             Length             Attributes
flash            0x08000000         0x00020000         xr
sram             0x20000000         0x00005000         xrw
*default*        0x00000000         0xffffffff

Linker script and memory map


.text           0x08000000      0x18c
 *(.vectors*)
 .vectors       0x08000000       0x1c startup.o
                0x08000000                vectors
 *(.text*)
 .text          0x0800001c       0xb0 app.o
                0x0800001c                main
 .text          0x080000cc       0xbc startup.o
                0x080000cc                H_Fault_Handler
                0x080000cc                MM_Fault_Handler
                0x080000cc                Usage_Fault_Handler
                0x080000cc                Bus_Fault
                0x080000cc                Default_Handler
                0x080000cc                NMI_Handler
                0x080000d8                Reset_Handler
 *(.rodata)
 .rodata        0x08000188        0x4 app.o
                0x08000188                consarr
                0x0800018c                _E_text = .

.glue_7         0x0800018c        0x0
 .glue_7        0x00000000        0x0 linker stubs

.glue_7t        0x0800018c        0x0
 .glue_7t       0x00000000        0x0 linker stubs

.vfp11_veneer   0x0800018c        0x0
 .vfp11_veneer  0x00000000        0x0 linker stubs

.v4_bx          0x0800018c        0x0
 .v4_bx         0x00000000        0x0 linker stubs

.iplt           0x0800018c        0x0
 .iplt          0x00000000        0x0 app.o

.rel.dyn        0x0800018c        0x0
 .rel.iplt      0x00000000        0x0 app.o

.data           0x20000000        0x8 load address 0x0800018c
                0x20000000                _S_data = .
 *(.data)
 .data          0x20000000        0x8 app.o
                0x20000000                R_ODR
                0x20000004                arr
 .data          0x20000008        0x0 startup.o
                0x20000008                _E_data = .

.igot.plt       0x20000008        0x0 load address 0x08000194
 .igot.plt      0x00000000        0x0 app.o

.bss            0x20000008     0x100c load address 0x08000194
                0x20000008                _S_bss = .
 *(.bss)
 .bss           0x20000008        0x0 app.o
 .bss           0x20000008        0x0 startup.o
                0x20000008                _E_bss = .
                0x20001008                . = (. + 0x1000)
 *fill*         0x20000008     0x1000 
                0x20001008                _stack_top = .
 COMMON         0x20001008        0xc app.o
                0x20001008                bss_var
LOAD app.o
LOAD startup.o
OUTPUT(unit3_lab2_cortexM3.elf elf32-littlearm)

.debug_info     0x00000000      0x300
 .debug_info    0x00000000      0x186 app.o
 .debug_info    0x00000186      0x17a startup.o

.debug_abbrev   0x00000000      0x1bf
 .debug_abbrev  0x00000000       0xe9 app.o
 .debug_abbrev  0x000000e9       0xd6 startup.o

.debug_loc      0x00000000       0x9c
 .debug_loc     0x00000000       0x38 app.o
 .debug_loc     0x00000038       0x64 startup.o

.debug_aranges  0x00000000       0x40
 .debug_aranges
                0x00000000       0x20 app.o
 .debug_aranges
                0x00000020       0x20 startup.o

.debug_line     0x00000000       0xe6
 .debug_line    0x00000000       0x69 app.o
 .debug_line    0x00000069       0x7d startup.o

.debug_str      0x00000000      0x1ab
 .debug_str     0x00000000      0x124 app.o
                                0x142 (size before relaxing)
 .debug_str     0x00000124       0x87 startup.o
                                0x177 (size before relaxing)

.comment        0x00000000       0x11
 .comment       0x00000000       0x11 app.o
                                 0x12 (size before relaxing)
 .comment       0x00000000       0x12 startup.o

.ARM.attributes
                0x00000000       0x33
 .ARM.attributes
                0x00000000       0x33 app.o
 .ARM.attributes
                0x00000033       0x33 startup.o

.debug_frame    0x00000000       0x78
 .debug_frame   0x00000000       0x2c app.o
 .debug_frame   0x0000002c       0x4c startup.o
