
Allocating common symbols
Common symbol       size              file

pressure            0x4               main.o

Memory Configuration

Name             Origin             Length             Attributes
flash            0x08000000         0x00020000         xr
sram             0x20000000         0x00005000         xrw
*default*        0x00000000         0xffffffff

Linker script and memory map


.text           0x08000000      0x1cc
 *(.vectors*)
 .vectors       0x08000000       0x1c startup.o
 *(.text*)
 .text          0x0800001c       0x30 alarm.o
                0x0800001c                high_pressure_detected
 .text          0x0800004c      0x130 driver.o
                0x0800004c                ledInit
                0x08000070                Delay
                0x08000094                getPressureVal
                0x080000ac                Set_Alarm_actuator
                0x080000fc                GPIO_INITIALIZATION
 .text          0x0800017c       0x48 main.o
                0x0800017c                main
 .text          0x080001c4        0x8 startup.o
 *(.rodata)

.glue_7         0x080001cc        0x0
 .glue_7        0x00000000        0x0 linker stubs

.glue_7t        0x080001cc        0x0
 .glue_7t       0x00000000        0x0 linker stubs

.vfp11_veneer   0x080001cc        0x0
 .vfp11_veneer  0x00000000        0x0 linker stubs

.v4_bx          0x080001cc        0x0
 .v4_bx         0x00000000        0x0 linker stubs

.iplt           0x080001cc        0x0
 .iplt          0x00000000        0x0 alarm.o

.rel.dyn        0x080001cc        0x0
 .rel.iplt      0x00000000        0x0 alarm.o

.data           0x080001cc        0x4
 *(.data)
 .data          0x080001cc        0x0 alarm.o
 .data          0x080001cc        0x0 driver.o
 .data          0x080001cc        0x4 main.o
                0x080001cc                threshold
 .data          0x080001d0        0x0 startup.o

.igot.plt       0x080001d0        0x0
 .igot.plt      0x00000000        0x0 alarm.o

.bss            0x20000000        0x4
 *(.bss)
 .bss           0x20000000        0x0 alarm.o
 .bss           0x20000000        0x0 driver.o
 .bss           0x20000000        0x0 main.o
 .bss           0x20000000        0x0 startup.o
 COMMON         0x20000000        0x4 main.o
                0x20000000                pressure
LOAD alarm.o
LOAD driver.o
LOAD main.o
LOAD startup.o
OUTPUT(pressureSystem.elf elf32-littlearm)

.debug_info     0x00000000      0x2cb
 .debug_info    0x00000000       0x6a alarm.o
 .debug_info    0x0000006a      0x118 driver.o
 .debug_info    0x00000182       0xbc main.o
 .debug_info    0x0000023e       0x8d startup.o

.debug_abbrev   0x00000000      0x16d
 .debug_abbrev  0x00000000       0x62 alarm.o
 .debug_abbrev  0x00000062       0x9d driver.o
 .debug_abbrev  0x000000ff       0x5a main.o
 .debug_abbrev  0x00000159       0x14 startup.o

.debug_loc      0x00000000      0x14c
 .debug_loc     0x00000000       0x2c alarm.o
 .debug_loc     0x0000002c       0xf4 driver.o
 .debug_loc     0x00000120       0x2c main.o

.debug_aranges  0x00000000       0x80
 .debug_aranges
                0x00000000       0x20 alarm.o
 .debug_aranges
                0x00000020       0x20 driver.o
 .debug_aranges
                0x00000040       0x20 main.o
 .debug_aranges
                0x00000060       0x20 startup.o

.debug_line     0x00000000      0x14c
 .debug_line    0x00000000       0x3a alarm.o
 .debug_line    0x0000003a       0x9c driver.o
 .debug_line    0x000000d6       0x3b main.o
 .debug_line    0x00000111       0x3b startup.o

.debug_str      0x00000000      0x15b
 .debug_str     0x00000000       0x9f alarm.o
 .debug_str     0x0000009f       0x9d driver.o
                                0x156 (size before relaxing)
 .debug_str     0x0000013c       0x1f main.o
                                0x118 (size before relaxing)

.comment        0x00000000       0x11
 .comment       0x00000000       0x11 alarm.o
                                 0x12 (size before relaxing)
 .comment       0x00000000       0x12 driver.o
 .comment       0x00000000       0x12 main.o

.ARM.attributes
                0x00000000       0x31
 .ARM.attributes
                0x00000000       0x33 alarm.o
 .ARM.attributes
                0x00000033       0x33 driver.o
 .ARM.attributes
                0x00000066       0x33 main.o
 .ARM.attributes
                0x00000099       0x21 startup.o

.debug_frame    0x00000000       0xe8
 .debug_frame   0x00000000       0x2c alarm.o
 .debug_frame   0x0000002c       0x90 driver.o
 .debug_frame   0x000000bc       0x2c main.o
